.next/dev/types/validator.ts(126,31): error TS2344: Type 'typeof import("C:/Users/SAYAN/Desktop/wastewise/app/api/alerts/[id]/resolve/route")' does not satisfy the constraint 'RouteHandlerConfig<"/api/alerts/[id]/resolve">'.
  Types of property 'POST' are incompatible.
    Type '(req: Request, { params }: { params: { id: string; }; }) => Promise<Response>' is not assignable to type '(request: NextRequest, context: { params: Promise<{ id: string; }>; }) => void | Response | Promise<void | Response>'.
      Types of parameters '__1' and 'context' are incompatible.
        Type '{ params: Promise<{ id: string; }>; }' is not assignable to type '{ params: { id: string; }; }'.
          Types of property 'params' are incompatible.
            Property 'id' is missing in type 'Promise<{ id: string; }>' but required in type '{ id: string; }'.
.next/dev/types/validator.ts(243,31): error TS2344: Type 'typeof import("C:/Users/SAYAN/Desktop/wastewise/app/api/routes/[id]/complete/route")' does not satisfy the constraint 'RouteHandlerConfig<"/api/routes/[id]/complete">'.
  Types of property 'POST' are incompatible.
    Type '(req: NextRequest, { params }: { params: { id: string; }; }) => Promise<(AuthSession & NextResponse<any>) | NextResponse<{ error: string; }> | NextResponse<...>>' is not assignable to type '(request: NextRequest, context: { params: Promise<{ id: string; }>; }) => void | Response | Promise<void | Response>'.
      Types of parameters '__1' and 'context' are incompatible.
        Type '{ params: Promise<{ id: string; }>; }' is not assignable to type '{ params: { id: string; }; }'.
          Types of property 'params' are incompatible.
            Property 'id' is missing in type 'Promise<{ id: string; }>' but required in type '{ id: string; }'.
app/api/health/route.ts(1,10): error TS2614: Module '"@/lib/db"' has no exported member 'dbConnect'. Did you mean to use 'import dbConnect from "@/lib/db"' instead?
app/api/health/route.ts(2,10): error TS2724: '"@/lib/models/BinPrediction"' has no exported member named 'BinPrediction'. Did you mean 'IBinPrediction'?
app/api/health/route.ts(3,10): error TS2724: '"@/lib/models/RoutePlan"' has no exported member named 'RoutePlan'. Did you mean 'IRoutePlan'?
app/api/health/route.ts(4,10): error TS2724: '"@/lib/models/CleanupLog"' has no exported member named 'CleanupLog'. Did you mean 'ICleanupLog'?
app/api/routes/[id]/complete/route.ts(31,17): error TS2339: Property 'userRole' does not exist on type 'AuthSession'.
app/api/routes/generate/route.ts(44,17): error TS2339: Property 'userRole' does not exist on type 'AuthSession'.
app/api/routes/generate/route.ts(136,13): error TS2769: No overload matches this call.
  The last overload gave the following error.
    Type 'ObjectId[]' is not assignable to type '{ readonly schemaName?: "ObjectId" | undefined; auto?: ((turnOn: boolean) => ObjectId) | undefined; $conditionalHandlers?: { [x: string]: ((val: any, context: any) => any) | undefined; } | undefined; ... 23 more ...; validateAll?: ((validators: (RegExp | ... 1 more ... | ValidatorFunction<...>)[]) => ObjectId) | und...'.
      Type 'ObjectId[]' is not assignable to type '{ readonly schemaName?: "ObjectId" | undefined; auto?: ((turnOn: boolean) => ObjectId) | undefined; $conditionalHandlers?: { [x: string]: ((val: any, context: any) => any) | undefined; } | undefined; ... 23 more ...; validateAll?: ((validators: (RegExp | ... 1 more ... | ValidatorFunction<...>)[]) => ObjectId) | und...'.
        Type 'ObjectId' has no properties in common with type '{ readonly schemaName?: "ObjectId" | undefined; auto?: ((turnOn: boolean) => ObjectId) | undefined; $conditionalHandlers?: { [x: string]: ((val: any, context: any) => any) | undefined; } | undefined; ... 23 more ...; validateAll?: ((validators: (RegExp | ... 1 more ... | ValidatorFunction<...>)[]) => ObjectId) | und...'.
          Type '{ binPredictionId: string; lat: number; lng: number; riskLevel: string; overflowScore: number; binRef: string; }[]' is not assignable to type '{ binPredictionId?: { readonly schemaName?: "ObjectId" | undefined; auto?: ((turnOn: boolean) => ObjectId) | undefined; $conditionalHandlers?: { [x: string]: ((val: any, context: any) => any) | undefined; } | undefined; ... 23 more ...; validateAll?: ((validators: (RegExp | ... 1 more ... | ValidatorFunction<...>)[]...'.
            Type '{ binPredictionId: string; lat: number; lng: number; riskLevel: string; overflowScore: number; binRef: string; }[]' is not assignable to type '{ binPredictionId?: { readonly schemaName?: "ObjectId" | undefined; auto?: ((turnOn: boolean) => ObjectId) | undefined; $conditionalHandlers?: { [x: string]: ((val: any, context: any) => any) | undefined; } | undefined; ... 23 more ...; validateAll?: ((validators: (RegExp | ... 1 more ... | ValidatorFunction<...>)[]...'.
              Type '{ binPredictionId: string; lat: number; lng: number; riskLevel: string; overflowScore: number; binRef: string; }' is not assignable to type '{ binPredictionId?: { readonly schemaName?: "ObjectId" | undefined; auto?: ((turnOn: boolean) => ObjectId) | undefined; $conditionalHandlers?: { [x: string]: ((val: any, context: any) => any) | undefined; } | undefined; ... 23 more ...; validateAll?: ((validators: (RegExp | ... 1 more ... | ValidatorFunction<...>)[]...'.
                Types of property 'binPredictionId' are incompatible.
                  Type 'string' has no properties in common with type '{ readonly schemaName?: "ObjectId" | undefined; auto?: ((turnOn: boolean) => ObjectId) | undefined; $conditionalHandlers?: { [x: string]: ((val: any, context: any) => any) | undefined; } | undefined; ... 23 more ...; validateAll?: ((validators: (RegExp | ... 1 more ... | ValidatorFunction<...>)[]) => ObjectId) | und...'.
app/api/routes/generate/route.ts(137,13): error TS2769: No overload matches this call.
  The last overload gave the following error.
    Type 'ObjectId[]' is not assignable to type '{ readonly schemaName?: "ObjectId" | undefined; auto?: ((turnOn: boolean) => ObjectId) | undefined; $conditionalHandlers?: { [x: string]: ((val: any, context: any) => any) | undefined; } | undefined; ... 23 more ...; validateAll?: ((validators: (RegExp | ... 1 more ... | ValidatorFunction<...>)[]) => ObjectId) | und...'.
      Type 'ObjectId[]' is not assignable to type '{ readonly schemaName?: "ObjectId" | undefined; auto?: ((turnOn: boolean) => ObjectId) | undefined; $conditionalHandlers?: { [x: string]: ((val: any, context: any) => any) | undefined; } | undefined; ... 23 more ...; validateAll?: ((validators: (RegExp | ... 1 more ... | ValidatorFunction<...>)[]) => ObjectId) | und...'.
        Type 'ObjectId' has no properties in common with type '{ readonly schemaName?: "ObjectId" | undefined; auto?: ((turnOn: boolean) => ObjectId) | undefined; $conditionalHandlers?: { [x: string]: ((val: any, context: any) => any) | undefined; } | undefined; ... 23 more ...; validateAll?: ((validators: (RegExp | ... 1 more ... | ValidatorFunction<...>)[]) => ObjectId) | und...'.
          Type '{ binPredictionId: string; lat: number; lng: number; riskLevel: string; overflowScore: number; binRef: string; }[]' is not assignable to type '{ binPredictionId?: { readonly schemaName?: "ObjectId" | undefined; auto?: ((turnOn: boolean) => ObjectId) | undefined; $conditionalHandlers?: { [x: string]: ((val: any, context: any) => any) | undefined; } | undefined; ... 23 more ...; validateAll?: ((validators: (RegExp | ... 1 more ... | ValidatorFunction<...>)[]...'.
            Type '{ binPredictionId: string; lat: number; lng: number; riskLevel: string; overflowScore: number; binRef: string; }[]' is not assignable to type '{ binPredictionId?: { readonly schemaName?: "ObjectId" | undefined; auto?: ((turnOn: boolean) => ObjectId) | undefined; $conditionalHandlers?: { [x: string]: ((val: any, context: any) => any) | undefined; } | undefined; ... 23 more ...; validateAll?: ((validators: (RegExp | ... 1 more ... | ValidatorFunction<...>)[]...'.
              Type '{ binPredictionId: string; lat: number; lng: number; riskLevel: string; overflowScore: number; binRef: string; }' is not assignable to type '{ binPredictionId?: { readonly schemaName?: "ObjectId" | undefined; auto?: ((turnOn: boolean) => ObjectId) | undefined; $conditionalHandlers?: { [x: string]: ((val: any, context: any) => any) | undefined; } | undefined; ... 23 more ...; validateAll?: ((validators: (RegExp | ... 1 more ... | ValidatorFunction<...>)[]...'.
                Types of property 'binPredictionId' are incompatible.
                  Type 'string' has no properties in common with type '{ readonly schemaName?: "ObjectId" | undefined; auto?: ((turnOn: boolean) => ObjectId) | undefined; $conditionalHandlers?: { [x: string]: ((val: any, context: any) => any) | undefined; } | undefined; ... 23 more ...; validateAll?: ((validators: (RegExp | ... 1 more ... | ValidatorFunction<...>)[]) => ObjectId) | und...'.
app/api/routes/generate/route.ts(143,60): error TS2339: Property '_id' does not exist on type 'never'.
app/api/routes/generate/route.ts(152,31): error TS2339: Property '_id' does not exist on type 'never'.
app/api/routes/generate/route.ts(155,40): error TS2339: Property '_id' does not exist on type 'never'.
app/api/routes/generate/route.ts(169,40): error TS2339: Property '_id' does not exist on type 'never'.
app/api/routes/generate/route.ts(170,40): error TS2339: Property 'generatedAt' does not exist on type 'never'.
components/AlertsDashboard.tsx(74,41): error TS2503: Cannot find namespace 'JSX'.
components/HeatmapPage.tsx(10,5): error TS2305: Module '"react-leaflet"' has no exported member 'Legend'.
components/HeatmapPage.tsx(12,15): error TS7016: Could not find a declaration file for module 'leaflet'. 'C:/Users/SAYAN/Desktop/wastewise/node_modules/leaflet/dist/leaflet-src.js' implicitly has an 'any' type.
  Try `npm i --save-dev @types/leaflet` if it exists or add a new declaration (.d.ts) file containing `declare module 'leaflet';`
components/HeatmapPage.tsx(83,42): error TS2339: Property 'message' does not exist on type 'ApiResponse'.
components/HeatmapPage.tsx(238,25): error TS2322: Type '{ children: (Element | Element[])[]; center: [number, number]; zoom: number; style: { width: string; height: string; }; }' is not assignable to type 'IntrinsicAttributes & MapContainerProps & RefAttributes<LeafletMap>'.
  Property 'center' does not exist on type 'IntrinsicAttributes & MapContainerProps & RefAttributes<LeafletMap>'.
components/HeatmapPage.tsx(244,29): error TS2322: Type '{ attribution: string; url: string; }' is not assignable to type 'IntrinsicAttributes & TileLayerProps & RefAttributes<LeafletTileLayer>'.
  Property 'attribution' does not exist on type 'IntrinsicAttributes & TileLayerProps & RefAttributes<LeafletTileLayer>'.
components/HeatmapPage.tsx(260,37): error TS2322: Type '{ children: Element[]; key: string; center: number[]; radius: number; fillColor: string; color: string; weight: number; opacity: number; fillOpacity: number; }' is not assignable to type 'IntrinsicAttributes & CircleMarkerProps & RefAttributes<LeafletCircleMarker<any>>'.
  Property 'radius' does not exist on type 'IntrinsicAttributes & CircleMarkerProps & RefAttributes<LeafletCircleMarker<any>>'.
components/RouteVisualization.tsx(5,15): error TS7016: Could not find a declaration file for module 'leaflet'. 'C:/Users/SAYAN/Desktop/wastewise/node_modules/leaflet/dist/leaflet-src.js' implicitly has an 'any' type.
  Try `npm i --save-dev @types/leaflet` if it exists or add a new declaration (.d.ts) file containing `declare module 'leaflet';`
components/RouteVisualization.tsx(115,25): error TS2322: Type '{ children: (Element | Element[])[]; center: number[]; zoom: number; style: { height: string; width: string; }; bounds: any; boundsOptions: { padding: number[]; }; }' is not assignable to type 'IntrinsicAttributes & MapContainerProps & RefAttributes<LeafletMap>'.
  Property 'center' does not exist on type 'IntrinsicAttributes & MapContainerProps & RefAttributes<LeafletMap>'.
components/RouteVisualization.tsx(123,29): error TS2322: Type '{ url: string; attribution: string; }' is not assignable to type 'IntrinsicAttributes & TileLayerProps & RefAttributes<LeafletTileLayer>'.
  Property 'attribution' does not exist on type 'IntrinsicAttributes & TileLayerProps & RefAttributes<LeafletTileLayer>'.
components/RouteVisualization.tsx(127,62): error TS2322: Type '{ positions: [number, number][]; color: string; weight: number; opacity: number; }' is not assignable to type 'IntrinsicAttributes & PolylineProps & RefAttributes<LeafletPolyline<any, any>>'.
  Property 'color' does not exist on type 'IntrinsicAttributes & PolylineProps & RefAttributes<LeafletPolyline<any, any>>'.
components/RouteVisualization.tsx(134,33): error TS2322: Type '{ children: Element[]; key: string; center: number[]; radius: number; fillColor: string; color: string; weight: number; opacity: number; fillOpacity: number; }' is not assignable to type 'IntrinsicAttributes & CircleMarkerProps & RefAttributes<LeafletCircleMarker<any>>'.
  Property 'radius' does not exist on type 'IntrinsicAttributes & CircleMarkerProps & RefAttributes<LeafletCircleMarker<any>>'.
components/RouteVisualization.tsx(164,29): error TS2322: Type '{ children: Element; center: number[]; radius: number; fillColor: string; color: string; weight: number; opacity: number; fillOpacity: number; }' is not assignable to type 'IntrinsicAttributes & CircleMarkerProps & RefAttributes<LeafletCircleMarker<any>>'.
  Property 'radius' does not exist on type 'IntrinsicAttributes & CircleMarkerProps & RefAttributes<LeafletCircleMarker<any>>'.
lib/analytics.ts(114,13): error TS2769: No overload matches this call.
  Overload 1 of 4, '(filter?: _QueryFilter<{ _id: ObjectId; $assertPopulated: <Paths = {}>(path: string | string[], values?: Partial<Paths> | undefined) => Omit<ICleanupLog, keyof Paths> & Paths; ... 228 more ...; "location.type": "Point"; }> | undefined, projection?: ProjectionType<...> | ... 1 more ... | undefined, options?: (QueryOptions<...> & Abortable) | undefined): Query<...>', gave the following error.
    Type '{ $in: Schema.Types.ObjectId[]; }' is not assignable to type 'Condition<ApplyBasicQueryCasting<ObjectId>> | undefined'.
      Types of property '$in' are incompatible.
        Type 'ObjectId[]' is not assignable to type 'readonly (string | RegExp | ObjectId | BSONRegExp | ObjectId[] | null)[]'.
          Type 'ObjectId' is not assignable to type 'string | RegExp | ObjectId | BSONRegExp | ObjectId[] | null'.
            Type 'ObjectId' is missing the following properties from type 'BSONRegExp': _bsontype, pattern, inspect, [bsonType]
  Overload 2 of 4, '(filter?: Query<any, any, {}, unknown, "find", Record<string, never>> | undefined, projection?: ProjectionType<ICleanupLog> | null | undefined, options?: (QueryOptions<...> & Abortable) | undefined): Query<...>', gave the following error.
    Object literal may only specify known properties, and 'binPredictionId' does not exist in type 'Query<any, any, {}, unknown, "find", Record<string, never>>'.
lib/routing.ts(162,31): error TS2345: Argument of type 'BinLocation' is not assignable to parameter of type 'never'.
lib/slaMonitoring.ts(2,10): error TS2724: '"./models/BinPrediction"' has no exported member named 'BinPrediction'. Did you mean 'IBinPrediction'?
lib/slaMonitoring.ts(3,10): error TS2724: '"./models/RoutePlan"' has no exported member named 'RoutePlan'. Did you mean 'IRoutePlan'?
lib/slaMonitoring.ts(4,10): error TS2724: '"./models/CleanupLog"' has no exported member named 'CleanupLog'. Did you mean 'ICleanupLog'?
lib/slaMonitoring.ts(6,10): error TS2724: '"./models/AuditLog"' has no exported member named 'AuditLog'. Did you mean 'IAuditLog'?
lib/slaMonitoring.ts(7,10): error TS2724: '"./models/User"' has no exported member named 'User'. Did you mean 'IUser'?
lib/slaMonitoring.ts(425,18): error TS7006: Parameter 'officer' implicitly has an 'any' type.
